D:\Gemini\Projects\YoutubeOtomation\src\EchoForge.WPF\Views\DashboardView.xaml(48,32): error MC3072: The property 'Padding' does not exist in XML namespace 'http://schemas.microsoft.com/winfx/2006/xaml/presentation'. Line 48 Position 32. [D:\Gemini\Projects\YoutubeOtomation\src\EchoForge.WPF\EchoForge.WPF.csproj]

Build FAILED.
    0 Warning(s)
    1 Error(s)

Time Elapsed 00:00:01.87

Workload updates are available. Run `dotnet workload list` for more information.
