  Determining projects to restore...
  All projects are up-to-date for restore.
  EchoForge.Core -> d:\Gemini\Projects\YoutubeOtomation\src\EchoForge.Core\bin\Debug\net8.0\EchoForge.Core.dll
d:\Gemini\Projects\YoutubeOtomation\src\EchoForge.WPF\App.xaml.cs(50,21): error CS0019: Operator '==' cannot be applied to operands of type 'MessageBoxResult' and 'bool' [d:\Gemini\Projects\YoutubeOtomation\src\EchoForge.WPF\EchoForge.WPF_dexklsst_wpftmp.csproj]

Build FAILED.

d:\Gemini\Projects\YoutubeOtomation\src\EchoForge.WPF\App.xaml.cs(50,21): error CS0019: Operator '==' cannot be applied to operands of type 'MessageBoxResult' and 'bool' [d:\Gemini\Projects\YoutubeOtomation\src\EchoForge.WPF\EchoForge.WPF_dexklsst_wpftmp.csproj]
    0 Warning(s)
    1 Error(s)

Time Elapsed 00:00:02.26

Workload updates are available. Run `dotnet workload list` for more information.
